17:24:18 **** Incremental Build of configuration Debug for project nucleo-L053R8_Driver ****
make -j8 all 
arm-none-eabi-gcc "../Src/main.c" -mcpu=cortex-m0plus -std=gnu11 -g3 -DDEBUG -DNUCLEO_L053R8 -DSTM32 -DSTM32L0 -DSTM32L053R8Tx -c -I"C:/Users/kadam/Desktop/nucleo-L053R8/nucleo-L053R8_Driver/Driver/Inc" -O0 -ffunction-sections -fdata-sections -Wall -fstack-usage -MMD -MP -MF"Src/main.d" -MT"Src/main.o" --specs=nano.specs -mfloat-abi=soft -mthumb -o "Src/main.o"
arm-none-eabi-gcc -o "nucleo-L053R8_Driver.elf" @"objects.list"   -mcpu=cortex-m0plus -T"C:\Users\kadam\Desktop\nucleo-L053R8\nucleo-L053R8_Driver\STM32L053R8TX_FLASH.ld" --specs=nosys.specs -Wl,-Map="nucleo-L053R8_Driver.map" -Wl,--gc-sections -static --specs=nano.specs -mfloat-abi=soft -mthumb -Wl,--start-group -lc -lm -Wl,--end-group
Finished building target: nucleo-L053R8_Driver.elf
 
arm-none-eabi-size   nucleo-L053R8_Driver.elf 
arm-none-eabi-objdump -h -S  nucleo-L053R8_Driver.elf  > "nucleo-L053R8_Driver.list"
arm-none-eabi-objcopy  -O binary  nucleo-L053R8_Driver.elf  "nucleo-L053R8_Driver.bin"
   text	   data	    bss	    dec	    hex	filename
    452	      8	   1568	   2028	    7ec	nucleo-L053R8_Driver.elf
Finished building: default.size.stdout
 
Finished building: nucleo-L053R8_Driver.bin
Finished building: nucleo-L053R8_Driver.list
 
 
